<?xml version="1.0" encoding="UTF-8"?>
<testsuites name="jest tests" tests="14" failures="0" time="9.837">
  <testsuite name="qualified.io test" errors="0" failures="0" skipped="0" timestamp="2019-08-01T15:17:38" time="1.983" tests="11">
    <testcase classname="qualified.io test length should equal 1" name="qualified.io test length should equal 1" time="0.006">
    </testcase>
    <testcase classname="qualified.io test match a &quot;stop&quot; in Christoph" name="qualified.io test match a &quot;stop&quot; in Christoph" time="0.001">
    </testcase>
    <testcase classname="Array should be an array" name="Array should be an array" time="0.002">
    </testcase>
    <testcase classname="FizzBuzz should throw exception if input is not a number" name="FizzBuzz should throw exception if input is not a number" time="0.022">
    </testcase>
    <testcase classname="FizzBuzz should return Fizzbuzz if divisible by 3 &amp; 5 only" name="FizzBuzz should return Fizzbuzz if divisible by 3 &amp; 5 only" time="0.001">
    </testcase>
    <testcase classname="FizzBuzz should return Fizz if divisible by 3 only" name="FizzBuzz should return Fizz if divisible by 3 only" time="0.001">
    </testcase>
    <testcase classname="FizzBuzz should return Fizz if divisible by 5 only" name="FizzBuzz should return Fizz if divisible by 5 only" time="0">
    </testcase>
    <testcase classname="Password hashing should return encrypted password" name="Password hashing should return encrypted password" time="0.002">
    </testcase>
    <testcase classname="isDivisible should return true if n is divisible by the last two arguments" name="isDivisible should return true if n is divisible by the last two arguments" time="0.002">
    </testcase>
    <testcase classname="list should return a string formatted as a list of names separated by commas with the last two separated by an ampersand" name="list should return a string formatted as a list of names separated by commas with the last two separated by an ampersand" time="0">
    </testcase>
    <testcase classname="checkX should return the number times a number occurs" name="checkX should return the number times a number occurs" time="0.001">
    </testcase>
  </testsuite>
  <testsuite name="/api/users" errors="0" failures="0" skipped="0" timestamp="2019-08-01T15:17:37" time="8.776" tests="3">
    <testcase classname="/api/users GET / should return all users" name="/api/users GET / should return all users" time="6.632">
    </testcase>
    <testcase classname="/api/users GET /:id should return a single user if valid ID is passed" name="/api/users GET /:id should return a single user if valid ID is passed" time="0.014">
    </testcase>
    <testcase classname="/api/users GET /:id should return 404 error if invalid ID is passed" name="/api/users GET /:id should return 404 error if invalid ID is passed" time="0.01">
    </testcase>
  </testsuite>
</testsuites>